zzzzzzzzzzzzzzzzzzzzzzzzzzzzzz
                            z 
                           z  
                          z   
                         z    
                        z     
                       z      
                      z       
                     z        
                    z
                   z
                  z
                 z
                z
               z
              z
             z
            z
           z
          z
         z
        z
       z
      z
     z
    z
   z
  z
 z
zzzzzzzzzzzzzzzzzzzzzzzzzzzzzz