zzzzzzzzzzzzzzzzzzzzzzzzzzzzzzz
                             z
                            z
                           z
                          z    
                         z
                        z
                       z
                      z
                     z
                    z
                   z           
                  z
                 z
                z
               z
              z                
             z
            z
           z
          z
         z
        z
       z
      z
     z
    z
   z
  z
 z
zzzzzzzzzzzzzzzzzzzzzzzzzzzzzzz